// Jest Snapshot v1, https://goo.gl/fbAQLP

exports[`HomeScreen Integration Tests Component Snapshot should match snapshot 1`] = `
<View
  style={
    {
      "alignItems": "center",
      "flex": 1,
      "justifyContent": "center",
    }
  }
>
  <Text>
    Home Screen
  </Text>
  <Text>
    Hello World
  </Text>
</View>
`;
